// Jest Snapshot v1, https://goo.gl/fbAQLP

exports[`ConfirmCard should match the snapshot 1`] = `
<div
  className="ConfirmCard"
>
  <h3>
    Booking 
    Tiffany
    :
  </h3>
  <p>
    Fri Apr 07 2019
     at 
    12:00 - 12:50 p.m.
  </p>
  <label
    htmlFor="notes"
  >
    What would you like to pair on?
  </label>
  <input
    name="notes"
    onChange={[Function]}
    value=""
  />
  <div
    className="ConfirmCard--div-buttons"
  >
    <button
      className="ConfirmCard--button--confirm"
      onClick={[Function]}
    >
      Confirm Booking
    </button>
    <button
      className="ConfirmCard--button--cancel"
      onClick={[Function]}
    >
      Cancel
    </button>
  </div>
</div>
`;

exports[`ConfirmCard should match the snapshot if the user has an opening already at the same time 1`] = `
<div
  className="ConfirmCard"
>
  <h3>
    Booking 
    Tiffany
    :
  </h3>
  <p>
    Fri Apr 07 2019
     at 
    12:00 - 12:50 p.m.
  </p>
  <label
    htmlFor="notes"
  >
    What would you like to pair on?
  </label>
  <input
    name="notes"
    onChange={[Function]}
    value=""
  />
  <div
    className="ConfirmCard--div-buttons"
  >
    <button
      className="ConfirmCard--button--confirm"
      onClick={[Function]}
    >
      Confirm Booking
    </button>
    <button
      className="ConfirmCard--button--cancel"
      onClick={[Function]}
    >
      Cancel
    </button>
  </div>
</div>
`;
