// Jest Snapshot v1, https://goo.gl/fbAQLP

exports[`Availability should match the snapshot 1`] = `
<section
  className="Availability"
>
  <h3>
    Please set when you are available to give help to others
  </h3>
  <ul
    className="day--container"
  >
    <li />
    <li>
      Monday
    </li>
    <li>
      Tuesday
    </li>
    <li>
      Wednesday
    </li>
    <li>
      Thursday
    </li>
    <li>
      Friday
    </li>
  </ul>
  <div
    className="button--container"
  >
    <span>
      morning
    </span>
    <span>
      lunch
    </span>
    <span>
      afternoon
    </span>
    <button
      className="button--true"
      key="0"
      onClick={[Function]}
    >
      available
    </button>
    <button
      className="button--false"
      key="1"
      onClick={[Function]}
    >
      unavailable
    </button>
    <button
      className="button--true"
      key="2"
      onClick={[Function]}
    >
      available
    </button>
    <button
      className="button--false"
      key="3"
      onClick={[Function]}
    >
      unavailable
    </button>
    <button
      className="button--true"
      key="4"
      onClick={[Function]}
    >
      available
    </button>
    <button
      className="button--false"
      key="5"
      onClick={[Function]}
    >
      unavailable
    </button>
  </div>
</section>
`;
