// Jest Snapshot v1, https://goo.gl/fbAQLP

exports[`Profile Profile component should match the snapshot 1`] = `
<form
  className="Profile--form"
  onSubmit={[Function]}
>
  <h2>
    Please complete your profile
  </h2>
  <div
    className="Profile--div"
  >
    <div
      className="Profile--div--flex"
    >
      <label
        htmlFor="name"
      >
        Provide your name
      </label>
      <input
        name="name"
        onChange={[Function]}
        value="Hillary"
      />
      <label
        htmlFor="email"
      >
        Provide your email
      </label>
      <input
        name="email"
        onChange={[Function]}
        value="Hill@gmail.com"
      />
      <label
        htmlFor="slack"
      >
        Provide your slack handle
      </label>
      <input
        name="slack"
        onChange={[Function]}
        value=""
      />
    </div>
    <Dropdown
      handleChange={[Function]}
      label="Pronouns"
      options={
        Array [
          "she/her",
          "he/him",
          "they/them",
          "ze/zir",
          "prefer not to answer",
        ]
      }
    />
    <Dropdown
      handleChange={[Function]}
      label="Program"
      options={
        Array [
          "FE",
          "BE",
        ]
      }
    />
    <Dropdown
      handleChange={[Function]}
      label="Module"
      options={
        Array [
          1,
          2,
          3,
          4,
        ]
      }
    />
    <Dropdown
      handleChange={[Function]}
      label="Skill1"
      options={
        Array [
          "grid",
          "flexbox",
          "mythical creatures",
          "react",
          "jsFun",
          "rspec",
          "rails",
          "ruby",
          "jest/enzyme",
          "docker",
          "lightning talks",
          "javascript",
          "css",
          "active record",
          "SQL",
          "sinatra",
        ]
      }
    />
    <Dropdown
      handleChange={[Function]}
      label="Skill2"
      options={
        Array [
          "grid",
          "flexbox",
          "mythical creatures",
          "react",
          "jsFun",
          "rspec",
          "rails",
          "ruby",
          "jest/enzyme",
          "docker",
          "lightning talks",
          "javascript",
          "css",
          "active record",
          "SQL",
          "sinatra",
        ]
      }
    />
  </div>
  <Availability
    availabilities={
      Array [
        false,
        false,
        false,
        false,
        false,
        false,
        false,
        false,
        false,
        false,
        false,
        false,
        false,
        false,
        false,
      ]
    }
    handleClick={[Function]}
  />
  <button
    className="Profile--button"
    disabled={true}
  >
    Submit
  </button>
</form>
`;
